[32m2026-08-11 11:42:25 +0000[0m - dagster - [34mDEBUG[0m - __ASSET_JOB - e0155cdb-3c1e-4774-97ea-6c249b3d7968 - 470 - LOGS_CAPTURED - Capturing logs for process (pid: 470).
[32m2026-08-11 11:42:25 +0000[0m - dagster - [34mDEBUG[0m - __ASSET_JOB - e0155cdb-3c1e-4774-97ea-6c249b3d7968 - 470 - de_project_dbt_assets - STEP_START - Started execution of step "de_project_dbt_assets".
[32m2026-08-11 11:42:25 +0000[0m - dagster - [34mINFO[0m - __ASSET_JOB - e0155cdb-3c1e-4774-97ea-6c249b3d7968 - de_project_dbt_assets - A dbt subsetted execution is not being performed. Using the default dbt selection arguments `['--select', 'fqn:*']`.
[32m2026-08-11 11:42:32 +0000[0m - dagster - [34mINFO[0m - __ASSET_JOB - e0155cdb-3c1e-4774-97ea-6c249b3d7968 - de_project_dbt_assets - Copying `/home/vedantwork/projects/DataEngg-Project-1/de_project_transform/target/partial_parse.msgpack` to `/home/vedantwork/projects/DataEngg-Project-1/de_project_transform/target/de_project_dbt_assets-e0155cd-2a8c597/partial_parse.msgpack` to take advantage of partial parsing.
[32m2026-08-11 11:42:32 +0000[0m - dagster - [34mINFO[0m - __ASSET_JOB - e0155cdb-3c1e-4774-97ea-6c249b3d7968 - de_project_dbt_assets - Running dbt command: `dbt build --select fqn:*`.
[32m2026-08-11 11:42:40 +0000[0m - dagster - [34mDEBUG[0m - __ASSET_JOB - e0155cdb-3c1e-4774-97ea-6c249b3d7968 - 470 - de_project_dbt_assets - STEP_OUTPUT - Yielded output "stg_orders" of type "Nothing". (Type check passed).
[32m2026-08-11 11:42:40 +0000[0m - dagster - [34mDEBUG[0m - __ASSET_JOB - e0155cdb-3c1e-4774-97ea-6c249b3d7968 - 470 - de_project_dbt_assets - ASSET_MATERIALIZATION - Materialized value stg_orders.
[32m2026-08-11 11:42:41 +0000[0m - dagster - [34mDEBUG[0m - __ASSET_JOB - e0155cdb-3c1e-4774-97ea-6c249b3d7968 - 470 - de_project_dbt_assets - STEP_OUTPUT - Yielded output "stg_orders_not_null_stg_orders_order_id" of type "Any". (Type check passed).
[32m2026-08-11 11:42:41 +0000[0m - dagster - [34mDEBUG[0m - __ASSET_JOB - e0155cdb-3c1e-4774-97ea-6c249b3d7968 - 470 - de_project_dbt_assets - ASSET_CHECK_EVALUATION - Asset check 'not_null_stg_orders_order_id' on 'stg_orders' passed.
[32m2026-08-11 11:42:41 +0000[0m - dagster - [34mDEBUG[0m - __ASSET_JOB - e0155cdb-3c1e-4774-97ea-6c249b3d7968 - 470 - de_project_dbt_assets - STEP_OUTPUT - Yielded output "stg_orders_unique_stg_orders_order_id" of type "Any". (Type check passed).
[32m2026-08-11 11:42:41 +0000[0m - dagster - [34mDEBUG[0m - __ASSET_JOB - e0155cdb-3c1e-4774-97ea-6c249b3d7968 - 470 - de_project_dbt_assets - ASSET_CHECK_EVALUATION - Asset check 'unique_stg_orders_order_id' on 'stg_orders' passed.
[32m2026-08-11 11:42:41 +0000[0m - dagster - [34mDEBUG[0m - __ASSET_JOB - e0155cdb-3c1e-4774-97ea-6c249b3d7968 - 470 - de_project_dbt_assets - STEP_OUTPUT - Yielded output "dim_customers" of type "Nothing". (Type check passed).
[32m2026-08-11 11:42:41 +0000[0m - dagster - [34mDEBUG[0m - __ASSET_JOB - e0155cdb-3c1e-4774-97ea-6c249b3d7968 - 470 - de_project_dbt_assets - ASSET_MATERIALIZATION - Materialized value dim_customers.
[32m2026-08-11 11:42:41 +0000[0m - dagster - [34mDEBUG[0m - __ASSET_JOB - e0155cdb-3c1e-4774-97ea-6c249b3d7968 - 470 - de_project_dbt_assets - STEP_OUTPUT - Yielded output "dim_customers_not_null_dim_customers_customer_name" of type "Any". (Type check passed).
[32m2026-08-11 11:42:42 +0000[0m - dagster - [34mDEBUG[0m - __ASSET_JOB - e0155cdb-3c1e-4774-97ea-6c249b3d7968 - 470 - de_project_dbt_assets - ASSET_CHECK_EVALUATION - Asset check 'not_null_dim_customers_customer_name' on 'dim_customers' passed.
[32m2026-08-11 11:42:42 +0000[0m - dagster - [34mDEBUG[0m - __ASSET_JOB - e0155cdb-3c1e-4774-97ea-6c249b3d7968 - 470 - de_project_dbt_assets - STEP_OUTPUT - Yielded output "dim_customers_not_null_dim_customers_customer_id" of type "Any". (Type check passed).
[32m2026-08-11 11:42:42 +0000[0m - dagster - [34mDEBUG[0m - __ASSET_JOB - e0155cdb-3c1e-4774-97ea-6c249b3d7968 - 470 - de_project_dbt_assets - ASSET_CHECK_EVALUATION - Asset check 'not_null_dim_customers_customer_id' on 'dim_customers' passed.
[32m2026-08-11 11:42:42 +0000[0m - dagster - [34mDEBUG[0m - __ASSET_JOB - e0155cdb-3c1e-4774-97ea-6c249b3d7968 - 470 - de_project_dbt_assets - STEP_OUTPUT - Yielded output "dim_customers_unique_dim_customers_customer_id" of type "Any". (Type check passed).
[32m2026-08-11 11:42:42 +0000[0m - dagster - [34mDEBUG[0m - __ASSET_JOB - e0155cdb-3c1e-4774-97ea-6c249b3d7968 - 470 - de_project_dbt_assets - ASSET_CHECK_EVALUATION - Asset check 'unique_dim_customers_customer_id' on 'dim_customers' passed.
[32m2026-08-11 11:42:42 +0000[0m - dagster - [34mDEBUG[0m - __ASSET_JOB - e0155cdb-3c1e-4774-97ea-6c249b3d7968 - 470 - de_project_dbt_assets - STEP_OUTPUT - Yielded output "dim_customers_unique_dim_customers_customer_name" of type "Any". (Type check passed).
[32m2026-08-11 11:42:42 +0000[0m - dagster - [34mDEBUG[0m - __ASSET_JOB - e0155cdb-3c1e-4774-97ea-6c249b3d7968 - 470 - de_project_dbt_assets - ASSET_CHECK_EVALUATION - Asset check 'unique_dim_customers_customer_name' on 'dim_customers' passed.
[32m2026-08-11 11:42:42 +0000[0m - dagster - [34mDEBUG[0m - __ASSET_JOB - e0155cdb-3c1e-4774-97ea-6c249b3d7968 - 470 - de_project_dbt_assets - STEP_OUTPUT - Yielded output "fct_orders" of type "Nothing". (Type check passed).
[32m2026-08-11 11:42:42 +0000[0m - dagster - [34mDEBUG[0m - __ASSET_JOB - e0155cdb-3c1e-4774-97ea-6c249b3d7968 - 470 - de_project_dbt_assets - ASSET_MATERIALIZATION - Materialized value fct_orders.
[32m2026-08-11 11:42:42 +0000[0m - dagster - [34mDEBUG[0m - __ASSET_JOB - e0155cdb-3c1e-4774-97ea-6c249b3d7968 - 470 - de_project_dbt_assets - STEP_OUTPUT - Yielded output "fct_orders_not_null_fct_orders_customer_id" of type "Any". (Type check passed).
[32m2026-08-11 11:42:42 +0000[0m - dagster - [34mDEBUG[0m - __ASSET_JOB - e0155cdb-3c1e-4774-97ea-6c249b3d7968 - 470 - de_project_dbt_assets - ASSET_CHECK_EVALUATION - Asset check 'not_null_fct_orders_customer_id' on 'fct_orders' passed.
[32m2026-08-11 11:42:42 +0000[0m - dagster - [34mDEBUG[0m - __ASSET_JOB - e0155cdb-3c1e-4774-97ea-6c249b3d7968 - 470 - de_project_dbt_assets - STEP_OUTPUT - Yielded output "fct_orders_unique_fct_orders_order_id" of type "Any". (Type check passed).
[32m2026-08-11 11:42:42 +0000[0m - dagster - [34mDEBUG[0m - __ASSET_JOB - e0155cdb-3c1e-4774-97ea-6c249b3d7968 - 470 - de_project_dbt_assets - ASSET_CHECK_EVALUATION - Asset check 'unique_fct_orders_order_id' on 'fct_orders' passed.
[32m2026-08-11 11:42:42 +0000[0m - dagster - [34mDEBUG[0m - __ASSET_JOB - e0155cdb-3c1e-4774-97ea-6c249b3d7968 - 470 - de_project_dbt_assets - STEP_OUTPUT - Yielded output "fct_orders_not_null_fct_orders_order_id" of type "Any". (Type check passed).
[32m2026-08-11 11:42:42 +0000[0m - dagster - [34mDEBUG[0m - __ASSET_JOB - e0155cdb-3c1e-4774-97ea-6c249b3d7968 - 470 - de_project_dbt_assets - ASSET_CHECK_EVALUATION - Asset check 'not_null_fct_orders_order_id' on 'fct_orders' passed.
[32m2026-08-11 11:42:43 +0000[0m - dagster - [34mINFO[0m - __ASSET_JOB - e0155cdb-3c1e-4774-97ea-6c249b3d7968 - de_project_dbt_assets - Finished dbt command: `dbt build --select fqn:*`.
[32m2026-08-11 11:42:43 +0000[0m - dagster - [34mDEBUG[0m - __ASSET_JOB - e0155cdb-3c1e-4774-97ea-6c249b3d7968 - 470 - de_project_dbt_assets - STEP_SUCCESS - Finished execution of step "de_project_dbt_assets" in 18.02s.
